◇ injected env (18) from .env
[31m[Nest] 26272  - [39m09/18/2026, 11:33:25 PM [31m  ERROR[39m [38;5;3m[NestApplication] [39m[31mError: listen EADDRINUSE: address already in use :::3001[39m[38;5;3m +1ms[39m
node:net:1940
    const ex = new UVExceptionWithHostPort(err, 'listen', address, port);
               ^

Error: listen EADDRINUSE: address already in use :::3001
    at Server.setupListenHandle [as _listen2] (node:net:1940:16)
    at listenInCluster (node:net:1997:12)
    at Server.listen (node:net:2102:7)
    at ExpressAdapter.listen (file:///C:/Users/thebi/electronic-store/backend/node_modules/@nestjs/platform-express/adapters/express-adapter.js:146:32)
    at file:///C:/Users/thebi/electronic-store/backend/node_modules/@nestjs/core/nest-application.js:270:30
    at new Promise (<anonymous>)
    at NestApplication.listen (file:///C:/Users/thebi/electronic-store/backend/node_modules/@nestjs/core/nest-application.js:260:16)
    at async bootstrap (file:///C:/Users/thebi/electronic-store/backend/dist/main.js:17:5) {
  code: 'EADDRINUSE',
  errno: -4091,
  syscall: 'listen',
  address: '::',
  port: 3001
}

Node.js v22.22.3
